> Task :app:preBuild UP-TO-DATE
> Task :app:preDebugBuild UP-TO-DATE
> Task :app:mergeDebugNativeDebugMetadata NO-SOURCE
> Task :app:generateDebugResources
> Task :app:packageDebugResources
> Task :app:processDebugNavigationResources
> Task :app:generateDebugAssets UP-TO-DATE
> Task :app:parseDebugLocalResources
> Task :app:javaPreCompileDebug
> Task :app:mergeDebugAssets
> Task :app:compressDebugAssets
> Task :app:generateDebugRFile
> Task :app:generateDebugGlobalSynthetics
> Task :app:desugarDebugFileDependencies
> Task :app:checkDebugDuplicateClasses
> Task :app:checkDebugAarMetadata
> Task :app:compileDebugKotlin
> Task :app:mapDebugSourceSetPaths
> Task :app:mergeExtDexDebug
> Task :app:mergeLibDexDebug
> Task :app:compileDebugNavigationResources

> Task :app:compileDebugKotlin
w: file:///E:/workspace/flyme/bubbledrawer/app/src/main/java/com/repl/bubbledrawer/more/MoreAppsActivity.kt:81:36 'fun onBackPressed(): Unit' is deprecated. Deprecated in Java.
w: file:///E:/workspace/flyme/bubbledrawer/app/src/main/java/com/repl/bubbledrawer/pin/LetterIndexBar.kt:35:54 'field scaledDensity: Float' is deprecated. Deprecated in Java.

> Task :app:compileDebugJavaWithJavac NO-SOURCE
> Task :app:processDebugJavaRes
> Task :app:mergeDebugResources
> Task :app:createDebugCompatibleScreenManifests
> Task :app:extractDeepLinksDebug
> Task :app:processDebugMainManifest
> Task :app:processDebugManifest
> Task :app:mergeDebugJniLibFolders
> Task :app:mergeDebugNativeLibs NO-SOURCE
> Task :app:stripDebugDebugSymbols NO-SOURCE
> Task :app:validateSigningDebug
> Task :app:writeDebugAppMetadata
> Task :app:writeDebugSigningConfigVersions
> Task :app:preDebugUnitTestBuild UP-TO-DATE
> Task :app:javaPreCompileDebugUnitTest
> Task :app:processDebugManifestForPackage
> Task :app:mergeDebugJavaResource
> Task :app:processDebugResources
> Task :app:dexBuilderDebug
> Task :app:bundleDebugClassesToRuntimeJar
> Task :app:bundleDebugClassesToCompileJar
> Task :app:mergeProjectDexDebug
> Task :app:packageDebug
> Task :app:createDebugApkListingFileRedirect
> Task :app:assembleDebug
> Task :app:compileDebugUnitTestKotlin
> Task :app:compileDebugUnitTestJavaWithJavac NO-SOURCE
> Task :app:processDebugUnitTestJavaRes

> Task :app:testDebugUnitTest

PinyinSmokeTest > chineseInitials FAILED
    java.lang.RuntimeException at PinyinSmokeTest.kt:17

PinyinSmokeTest > groups FAILED
    java.lang.RuntimeException at PinyinSmokeTest.kt:17

PinyinSmokeTest > asciiKeepsCase FAILED
    java.lang.RuntimeException at PinyinSmokeTest.kt:17

5 tests completed, 3 failed

> Task :app:testDebugUnitTest FAILED

FAILURE: Build failed with an exception.

* What went wrong:
Execution failed for task ':app:testDebugUnitTest'.
> There were failing tests. See the report at: file:///E:/workspace/flyme/bubbledrawer/app/build/reports/tests/testDebugUnitTest/index.html

* Try:
> Run with --scan to get full insights from a Build Scan (powered by Develocity).

BUILD FAILED in 1m 3s
40 actionable tasks: 40 executed
